../Core/Src/main.c:100:5:main	8	static
../Core/Src/main.c:189:6:SystemClock_Config	88	static
../Core/Src/main.c:235:13:MX_CRC_Init	8	static
../Core/Src/main.c:261:13:MX_DMA2D_Init	8	static
../Core/Src/main.c:298:13:MX_I2C3_Init	8	static
../Core/Src/main.c:346:13:MX_LTDC_Init	64	static
../Core/Src/main.c:408:13:MX_SPI5_Init	8	static
../Core/Src/main.c:442:13:MX_FMC_Init	40	static
../Core/Src/main.c:493:13:MX_GPIO_Init	64	static
../Core/Src/main.c:554:6:StartDefaultTask	16	static
../Core/Src/main.c:573:6:HAL_TIM_PeriodElapsedCallback	16	static
../Core/Src/main.c:590:6:Error_Handler	4	static,ignoring_inline_asm
