../Core/Src/stm32f4xx_hal_msp.c:63:6:HAL_MspInit	16	static
../Core/Src/stm32f4xx_hal_msp.c:87:6:HAL_CRC_MspInit	24	static
../Core/Src/stm32f4xx_hal_msp.c:109:6:HAL_CRC_MspDeInit	16	static
../Core/Src/stm32f4xx_hal_msp.c:131:6:HAL_DMA2D_MspInit	24	static
../Core/Src/stm32f4xx_hal_msp.c:156:6:HAL_DMA2D_MspDeInit	16	static
../Core/Src/stm32f4xx_hal_msp.c:181:6:HAL_I2C_MspInit	48	static
../Core/Src/stm32f4xx_hal_msp.c:225:6:HAL_I2C_MspDeInit	16	static
../Core/Src/stm32f4xx_hal_msp.c:256:6:HAL_LTDC_MspInit	112	static
../Core/Src/stm32f4xx_hal_msp.c:381:6:HAL_LTDC_MspDeInit	16	static
../Core/Src/stm32f4xx_hal_msp.c:443:6:HAL_SPI_MspInit	48	static
../Core/Src/stm32f4xx_hal_msp.c:480:6:HAL_SPI_MspDeInit	16	static
../Core/Src/stm32f4xx_hal_msp.c:506:13:HAL_FMC_MspInit	32	static
../Core/Src/stm32f4xx_hal_msp.c:612:6:HAL_SDRAM_MspInit	16	static
../Core/Src/stm32f4xx_hal_msp.c:624:13:HAL_FMC_MspDeInit	8	static
../Core/Src/stm32f4xx_hal_msp.c:698:6:HAL_SDRAM_MspDeInit	16	static
