12:58:08 **** Incremental Build of configuration Debug for project 003_HAL_Button_Control_Led ****
make -j12 all 
arm-none-eabi-gcc "../Core/Src/main.c" -mcpu=cortex-m4 -std=gnu11 -g3 -DDEBUG -DUSE_HAL_DRIVER -DSTM32F407xx -c -I../Core/Inc -I../Drivers/STM32F4xx_HAL_Driver/Inc -I../Drivers/STM32F4xx_HAL_Driver/Inc/Legacy -I../Drivers/CMSIS/Device/ST/STM32F4xx/Include -I../Drivers/CMSIS/Include -O0 -ffunction-sections -fdata-sections -Wall -fstack-usage -MMD -MP -MF"Core/Src/main.d" -MT"Core/Src/main.o" --specs=nano.specs -mfpu=fpv4-sp-d16 -mfloat-abi=hard -mthumb -o "Core/Src/main.o"
arm-none-eabi-gcc -o "003_HAL_Button_Control_Led.elf" @"objects.list"   -mcpu=cortex-m4 -T"C:\Programlarim\Embedded C\My_workspace\target\003_HAL_Button_Control_Led\STM32F407VGTX_FLASH.ld" --specs=nosys.specs -Wl,-Map="003_HAL_Button_Control_Led.map" -Wl,--gc-sections -static --specs=nano.specs -mfpu=fpv4-sp-d16 -mfloat-abi=hard -mthumb -Wl,--start-group -lc -lm -Wl,--end-group
Finished building target: 003_HAL_Button_Control_Led.elf
 
arm-none-eabi-size   003_HAL_Button_Control_Led.elf 
arm-none-eabi-objdump -h -S  003_HAL_Button_Control_Led.elf  > "003_HAL_Button_Control_Led.list"
   text	   data	    bss	    dec	    hex	filename
   6116	     20	   1572	   7708	   1e1c	003_HAL_Button_Control_Led.elf
Finished building: default.size.stdout
 
Finished building: 003_HAL_Button_Control_Led.list
 

12:58:09 Build Finished. 0 errors, 0 warnings. (took 1s.212ms)

