20:47:26 **** Incremental Build of configuration Debug for project 013_HAL_TIM_RESETMODE ****
make -j12 all 
arm-none-eabi-gcc "../Core/Src/main.c" -mcpu=cortex-m4 -std=gnu11 -g3 -DDEBUG -DUSE_HAL_DRIVER -DSTM32F407xx -c -I../Core/Inc -I../Drivers/STM32F4xx_HAL_Driver/Inc -I../Drivers/STM32F4xx_HAL_Driver/Inc/Legacy -I../Drivers/CMSIS/Device/ST/STM32F4xx/Include -I../Drivers/CMSIS/Include -O0 -ffunction-sections -fdata-sections -Wall -fstack-usage -MMD -MP -MF"Core/Src/main.d" -MT"Core/Src/main.o" --specs=nano.specs -mfpu=fpv4-sp-d16 -mfloat-abi=hard -mthumb -o "Core/Src/main.o"
arm-none-eabi-gcc -o "013_HAL_TIM_RESETMODE.elf" @"objects.list"   -mcpu=cortex-m4 -T"C:\Programlarim\Embedded C\My_workspace\target\013_HAL_TIM_RESETMODE\STM32F407VGTX_FLASH.ld" --specs=nosys.specs -Wl,-Map="013_HAL_TIM_RESETMODE.map" -Wl,--gc-sections -static --specs=nano.specs -mfpu=fpv4-sp-d16 -mfloat-abi=hard -mthumb -Wl,--start-group -lc -lm -Wl,--end-group
Finished building target: 013_HAL_TIM_RESETMODE.elf
 
arm-none-eabi-size   013_HAL_TIM_RESETMODE.elf 
arm-none-eabi-objdump -h -S  013_HAL_TIM_RESETMODE.elf  > "013_HAL_TIM_RESETMODE.list"
   text	   data	    bss	    dec	    hex	filename
   8352	     20	   1644	  10016	   2720	013_HAL_TIM_RESETMODE.elf
Finished building: default.size.stdout
 
Finished building: 013_HAL_TIM_RESETMODE.list
 

20:47:27 Build Finished. 0 errors, 0 warnings. (took 1s.166ms)

