23:09:51 **** Incremental Build of configuration Debug for project 015_HAL_TIM_SLAVE_TRIG_MODE_EXT ****
make -j12 all 
arm-none-eabi-gcc "../Core/Src/stm32f4xx_it.c" -mcpu=cortex-m4 -std=gnu11 -g3 -DDEBUG -DUSE_HAL_DRIVER -DSTM32F407xx -c -I../Core/Inc -I../Drivers/STM32F4xx_HAL_Driver/Inc -I../Drivers/STM32F4xx_HAL_Driver/Inc/Legacy -I../Drivers/CMSIS/Device/ST/STM32F4xx/Include -I../Drivers/CMSIS/Include -O0 -ffunction-sections -fdata-sections -Wall -fstack-usage -MMD -MP -MF"Core/Src/stm32f4xx_it.d" -MT"Core/Src/stm32f4xx_it.o" --specs=nano.specs -mfpu=fpv4-sp-d16 -mfloat-abi=hard -mthumb -o "Core/Src/stm32f4xx_it.o"
arm-none-eabi-gcc -o "015_HAL_TIM_SLAVE_TRIG_MODE_EXT.elf" @"objects.list"   -mcpu=cortex-m4 -T"C:\Programlarim\Embedded C\My_workspace\target\015_HAL_TIM_SLAVE_TRIG_MODE_EXT\STM32F407VGTX_FLASH.ld" --specs=nosys.specs -Wl,-Map="015_HAL_TIM_SLAVE_TRIG_MODE_EXT.map" -Wl,--gc-sections -static --specs=nano.specs -mfpu=fpv4-sp-d16 -mfloat-abi=hard -mthumb -Wl,--start-group -lc -lm -Wl,--end-group
Finished building target: 015_HAL_TIM_SLAVE_TRIG_MODE_EXT.elf
 
arm-none-eabi-size   015_HAL_TIM_SLAVE_TRIG_MODE_EXT.elf 
arm-none-eabi-objdump -h -S  015_HAL_TIM_SLAVE_TRIG_MODE_EXT.elf  > "015_HAL_TIM_SLAVE_TRIG_MODE_EXT.list"
   text	   data	    bss	    dec	    hex	filename
   8988	     20	   1644	  10652	   299c	015_HAL_TIM_SLAVE_TRIG_MODE_EXT.elf
Finished building: default.size.stdout
 
Finished building: 015_HAL_TIM_SLAVE_TRIG_MODE_EXT.list
 

23:09:52 Build Finished. 0 errors, 0 warnings. (took 1s.44ms)

