15:25:47 **** Incremental Build of configuration Debug for project 041_SM_BUTTON_LED ****
make -j12 all 
arm-none-eabi-gcc "../Core/Src/main.c" -mcpu=cortex-m0plus -std=gnu11 -g3 -DDEBUG -DUSE_HAL_DRIVER -DSTM32G070xx -c -I../Core/Inc -I../Drivers/STM32G0xx_HAL_Driver/Inc -I../Drivers/STM32G0xx_HAL_Driver/Inc/Legacy -I../Drivers/CMSIS/Device/ST/STM32G0xx/Include -I../Drivers/CMSIS/Include -O0 -ffunction-sections -fdata-sections -Wall -fstack-usage -fcyclomatic-complexity -MMD -MP -MF"Core/Src/main.d" -MT"Core/Src/main.o" --specs=nano.specs -mfloat-abi=soft -mthumb -o "Core/Src/main.o"
arm-none-eabi-gcc -o "041_SM_BUTTON_LED.elf" @"objects.list"   -mcpu=cortex-m0plus -T"C:\Programlarim\Embedded C\My_workspace\target\041_SM_BUTTON_LED\STM32G070CBTX_FLASH.ld" --specs=nosys.specs -Wl,-Map="041_SM_BUTTON_LED.map" -Wl,--gc-sections -static --specs=nano.specs -mfloat-abi=soft -mthumb -Wl,--start-group -lc -lm -Wl,--end-group
Finished building target: 041_SM_BUTTON_LED.elf
 
arm-none-eabi-size   041_SM_BUTTON_LED.elf 
arm-none-eabi-objdump -h -S  041_SM_BUTTON_LED.elf  > "041_SM_BUTTON_LED.list"
   text	   data	    bss	    dec	    hex	filename
   5604	     20	   1572	   7196	   1c1c	041_SM_BUTTON_LED.elf
Finished building: default.size.stdout
 
Finished building: 041_SM_BUTTON_LED.list
 

15:25:48 Build Finished. 0 errors, 0 warnings. (took 1s.18ms)

