15:54:53 **** Incremental Build of configuration Debug for project 042_SM_F4_BUTTON ****
make -j12 all 
arm-none-eabi-gcc "../Core/Src/main.c" -mcpu=cortex-m4 -std=gnu11 -g3 -DDEBUG -DUSE_HAL_DRIVER -DSTM32F407xx -c -I../Core/Inc -I../Drivers/STM32F4xx_HAL_Driver/Inc -I../Drivers/STM32F4xx_HAL_Driver/Inc/Legacy -I../Drivers/CMSIS/Device/ST/STM32F4xx/Include -I../Drivers/CMSIS/Include -O0 -ffunction-sections -fdata-sections -Wall -fstack-usage -fcyclomatic-complexity -MMD -MP -MF"Core/Src/main.d" -MT"Core/Src/main.o" --specs=nano.specs -mfpu=fpv4-sp-d16 -mfloat-abi=hard -mthumb -o "Core/Src/main.o"
arm-none-eabi-gcc -o "042_SM_F4_BUTTON.elf" @"objects.list"   -mcpu=cortex-m4 -T"C:\Programlarim\Embedded C\My_workspace\target\042_SM_F4_BUTTON\STM32F407VGTX_FLASH.ld" --specs=nosys.specs -Wl,-Map="042_SM_F4_BUTTON.map" -Wl,--gc-sections -static --specs=nano.specs -mfpu=fpv4-sp-d16 -mfloat-abi=hard -mthumb -Wl,--start-group -lc -lm -Wl,--end-group
Finished building target: 042_SM_F4_BUTTON.elf
 
arm-none-eabi-size   042_SM_F4_BUTTON.elf 
arm-none-eabi-objdump -h -S  042_SM_F4_BUTTON.elf  > "042_SM_F4_BUTTON.list"
   text	   data	    bss	    dec	    hex	filename
   6264	     20	   1572	   7856	   1eb0	042_SM_F4_BUTTON.elf
Finished building: default.size.stdout
 
Finished building: 042_SM_F4_BUTTON.list
 

15:54:54 Build Finished. 0 errors, 0 warnings. (took 1s.73ms)

