15:03:53 **** Incremental Build of configuration Debug for project 043_MODBUS ****
make -j12 all 
arm-none-eabi-gcc "../Core/Src/main.c" -mcpu=cortex-m0plus -std=gnu11 -g3 -DDEBUG -DUSE_HAL_DRIVER -DSTM32G070xx -c -I../Core/Inc -I../Drivers/STM32G0xx_HAL_Driver/Inc -I../Drivers/STM32G0xx_HAL_Driver/Inc/Legacy -I../Drivers/CMSIS/Device/ST/STM32G0xx/Include -I../Drivers/CMSIS/Include -O0 -ffunction-sections -fdata-sections -Wall -fstack-usage -fcyclomatic-complexity -MMD -MP -MF"Core/Src/main.d" -MT"Core/Src/main.o" --specs=nano.specs -mfloat-abi=soft -mthumb -o "Core/Src/main.o"
arm-none-eabi-gcc -o "043_MODBUS.elf" @"objects.list"   -mcpu=cortex-m0plus -T"C:\Programlarim\Embedded C\My_workspace\target\043_MODBUS\STM32G070CBTX_FLASH.ld" --specs=nosys.specs -Wl,-Map="043_MODBUS.map" -Wl,--gc-sections -static --specs=nano.specs -mfloat-abi=soft -mthumb -Wl,--start-group -lc -lm -Wl,--end-group
Finished building target: 043_MODBUS.elf
 
arm-none-eabi-size   043_MODBUS.elf 
arm-none-eabi-objdump -h -S  043_MODBUS.elf  > "043_MODBUS.list"
   text	   data	    bss	    dec	    hex	filename
  14828	     24	   2384	  17236	   4354	043_MODBUS.elf
Finished building: default.size.stdout
 
Finished building: 043_MODBUS.list
 

15:03:54 Build Finished. 0 errors, 0 warnings. (took 1s.293ms)

