16:47:20 **** Incremental Build of configuration Debug for project 044_READ_HOLDING ****
make -j12 all 
arm-none-eabi-gcc "../Core/Src/main.c" -mcpu=cortex-m0plus -std=gnu11 -g3 -DDEBUG -DUSE_HAL_DRIVER -DSTM32G070xx -c -I../Core/Inc -I../Drivers/STM32G0xx_HAL_Driver/Inc -I../Drivers/STM32G0xx_HAL_Driver/Inc/Legacy -I../Drivers/CMSIS/Device/ST/STM32G0xx/Include -I../Drivers/CMSIS/Include -O0 -ffunction-sections -fdata-sections -Wall -fstack-usage -fcyclomatic-complexity -MMD -MP -MF"Core/Src/main.d" -MT"Core/Src/main.o" --specs=nano.specs -mfloat-abi=soft -mthumb -o "Core/Src/main.o"
arm-none-eabi-gcc -o "044_READ_HOLDING.elf" @"objects.list"   -mcpu=cortex-m0plus -T"C:\Programlarim\Embedded C\My_workspace\target\044_READ_HOLDING\STM32G070CBTX_FLASH.ld" --specs=nosys.specs -Wl,-Map="044_READ_HOLDING.map" -Wl,--gc-sections -static --specs=nano.specs -mfloat-abi=soft -mthumb -Wl,--start-group -lc -lm -Wl,--end-group
Finished building target: 044_READ_HOLDING.elf
 
arm-none-eabi-size   044_READ_HOLDING.elf 
arm-none-eabi-objdump -h -S  044_READ_HOLDING.elf  > "044_READ_HOLDING.list"
   text	   data	    bss	    dec	    hex	filename
  13820	     24	   2424	  16268	   3f8c	044_READ_HOLDING.elf
Finished building: default.size.stdout
 
Finished building: 044_READ_HOLDING.list
 
