13:13:13 **** Incremental Build of configuration Debug for project JOYSTICK_GAME ****
make -j12 all 
arm-none-eabi-g++ "C:/TouchGFXProjects/JOYSTICK_GAME/TouchGFX/generated/fonts/src/Font_verdana_40_4bpp_0.cpp" -mcpu=cortex-m4 -std=gnu++14 -g3 -DUSE_HAL_DRIVER -DUSE_BPP=16 -DDEBUG -DSTM32F429xx -c -I../../Core/Inc -I../../Drivers/CMSIS/Include -I../../Drivers/BSP -I../../TouchGFX/target -I../../Drivers/CMSIS/Device/ST/STM32F4xx/Include -I../../TouchGFX/App -I../../Middlewares/Third_Party/FreeRTOS/Source/CMSIS_RTOS_V2 -I../../TouchGFX/target/generated -I../../Middlewares/Third_Party/FreeRTOS/Source/include -I../../Drivers/STM32F4xx_HAL_Driver/Inc/Legacy -I../../Middlewares/Third_Party/FreeRTOS/Source/portable/GCC/ARM_CM4F -I../../Drivers/STM32F4xx_HAL_Driver/Inc -I../../Middlewares/ST/touchgfx/framework/include -I../../TouchGFX/generated/fonts/include -I../../TouchGFX/generated/gui_generated/include -I../../TouchGFX/generated/images/include -I../../TouchGFX/generated/texts/include -I../../TouchGFX/gui/include -I../../TouchGFX/generated/videos/include -Os -ffunction-sections -fdata-sections -fno-exceptions -fno-rtti -fno-use-cxa-atexit -Wall -femit-class-debug-always -fstack-usage -fcyclomatic-complexity -MMD -MP -MF"Application/User/generated/Font_verdana_40_4bpp_0.d" -MT"Application/User/generated/Font_verdana_40_4bpp_0.o" --specs=nano.specs -mfpu=fpv4-sp-d16 -mfloat-abi=hard -mthumb -o "Application/User/generated/Font_verdana_40_4bpp_0.o"
arm-none-eabi-g++ "C:/TouchGFXProjects/JOYSTICK_GAME/TouchGFX/generated/gui_generated/src/common/FrontendApplicationBase.cpp" -mcpu=cortex-m4 -std=gnu++14 -g3 -DUSE_HAL_DRIVER -DUSE_BPP=16 -DDEBUG -DSTM32F429xx -c -I../../Core/Inc -I../../Drivers/CMSIS/Include -I../../Drivers/BSP -I../../TouchGFX/target -I../../Drivers/CMSIS/Device/ST/STM32F4xx/Include -I../../TouchGFX/App -I../../Middlewares/Third_Party/FreeRTOS/Source/CMSIS_RTOS_V2 -I../../TouchGFX/target/generated -I../../Middlewares/Third_Party/FreeRTOS/Source/include -I../../Drivers/STM32F4xx_HAL_Driver/Inc/Legacy -I../../Middlewares/Third_Party/FreeRTOS/Source/portable/GCC/ARM_CM4F -I../../Drivers/STM32F4xx_HAL_Driver/Inc -I../../Middlewares/ST/touchgfx/framework/include -I../../TouchGFX/generated/fonts/include -I../../TouchGFX/generated/gui_generated/include -I../../TouchGFX/generated/images/include -I../../TouchGFX/generated/texts/include -I../../TouchGFX/gui/include -I../../TouchGFX/generated/videos/include -Os -ffunction-sections -fdata-sections -fno-exceptions -fno-rtti -fno-use-cxa-atexit -Wall -femit-class-debug-always -fstack-usage -fcyclomatic-complexity -MMD -MP -MF"Application/User/generated/FrontendApplicationBase.d" -MT"Application/User/generated/FrontendApplicationBase.o" --specs=nano.specs -mfpu=fpv4-sp-d16 -mfloat-abi=hard -mthumb -o "Application/User/generated/FrontendApplicationBase.o"
arm-none-eabi-g++ "C:/TouchGFXProjects/JOYSTICK_GAME/TouchGFX/generated/gui_generated/src/gamescreen_screen/GameScreenViewBase.cpp" -mcpu=cortex-m4 -std=gnu++14 -g3 -DUSE_HAL_DRIVER -DUSE_BPP=16 -DDEBUG -DSTM32F429xx -c -I../../Core/Inc -I../../Drivers/CMSIS/Include -I../../Drivers/BSP -I../../TouchGFX/target -I../../Drivers/CMSIS/Device/ST/STM32F4xx/Include -I../../TouchGFX/App -I../../Middlewares/Third_Party/FreeRTOS/Source/CMSIS_RTOS_V2 -I../../TouchGFX/target/generated -I../../Middlewares/Third_Party/FreeRTOS/Source/include -I../../Drivers/STM32F4xx_HAL_Driver/Inc/Legacy -I../../Middlewares/Third_Party/FreeRTOS/Source/portable/GCC/ARM_CM4F -I../../Drivers/STM32F4xx_HAL_Driver/Inc -I../../Middlewares/ST/touchgfx/framework/include -I../../TouchGFX/generated/fonts/include -I../../TouchGFX/generated/gui_generated/include -I../../TouchGFX/generated/images/include -I../../TouchGFX/generated/texts/include -I../../TouchGFX/gui/include -I../../TouchGFX/generated/videos/include -Os -ffunction-sections -fdata-sections -fno-exceptions -fno-rtti -fno-use-cxa-atexit -Wall -femit-class-debug-always -fstack-usage -fcyclomatic-complexity -MMD -MP -MF"Application/User/generated/GameScreenViewBase.d" -MT"Application/User/generated/GameScreenViewBase.o" --specs=nano.specs -mfpu=fpv4-sp-d16 -mfloat-abi=hard -mthumb -o "Application/User/generated/GameScreenViewBase.o"
arm-none-eabi-g++ "C:/TouchGFXProjects/JOYSTICK_GAME/TouchGFX/generated/fonts/src/Kerning_verdana_40_4bpp.cpp" -mcpu=cortex-m4 -std=gnu++14 -g3 -DUSE_HAL_DRIVER -DUSE_BPP=16 -DDEBUG -DSTM32F429xx -c -I../../Core/Inc -I../../Drivers/CMSIS/Include -I../../Drivers/BSP -I../../TouchGFX/target -I../../Drivers/CMSIS/Device/ST/STM32F4xx/Include -I../../TouchGFX/App -I../../Middlewares/Third_Party/FreeRTOS/Source/CMSIS_RTOS_V2 -I../../TouchGFX/target/generated -I../../Middlewares/Third_Party/FreeRTOS/Source/include -I../../Drivers/STM32F4xx_HAL_Driver/Inc/Legacy -I../../Middlewares/Third_Party/FreeRTOS/Source/portable/GCC/ARM_CM4F -I../../Drivers/STM32F4xx_HAL_Driver/Inc -I../../Middlewares/ST/touchgfx/framework/include -I../../TouchGFX/generated/fonts/include -I../../TouchGFX/generated/gui_generated/include -I../../TouchGFX/generated/images/include -I../../TouchGFX/generated/texts/include -I../../TouchGFX/gui/include -I../../TouchGFX/generated/videos/include -Os -ffunction-sections -fdata-sections -fno-exceptions -fno-rtti -fno-use-cxa-atexit -Wall -femit-class-debug-always -fstack-usage -fcyclomatic-complexity -MMD -MP -MF"Application/User/generated/Kerning_verdana_40_4bpp.d" -MT"Application/User/generated/Kerning_verdana_40_4bpp.o" --specs=nano.specs -mfpu=fpv4-sp-d16 -mfloat-abi=hard -mthumb -o "Application/User/generated/Kerning_verdana_40_4bpp.o"
arm-none-eabi-g++ "C:/TouchGFXProjects/JOYSTICK_GAME/TouchGFX/generated/texts/src/LanguageGb.cpp" -mcpu=cortex-m4 -std=gnu++14 -g3 -DUSE_HAL_DRIVER -DUSE_BPP=16 -DDEBUG -DSTM32F429xx -c -I../../Core/Inc -I../../Drivers/CMSIS/Include -I../../Drivers/BSP -I../../TouchGFX/target -I../../Drivers/CMSIS/Device/ST/STM32F4xx/Include -I../../TouchGFX/App -I../../Middlewares/Third_Party/FreeRTOS/Source/CMSIS_RTOS_V2 -I../../TouchGFX/target/generated -I../../Middlewares/Third_Party/FreeRTOS/Source/include -I../../Drivers/STM32F4xx_HAL_Driver/Inc/Legacy -I../../Middlewares/Third_Party/FreeRTOS/Source/portable/GCC/ARM_CM4F -I../../Drivers/STM32F4xx_HAL_Driver/Inc -I../../Middlewares/ST/touchgfx/framework/include -I../../TouchGFX/generated/fonts/include -I../../TouchGFX/generated/gui_generated/include -I../../TouchGFX/generated/images/include -I../../TouchGFX/generated/texts/include -I../../TouchGFX/gui/include -I../../TouchGFX/generated/videos/include -Os -ffunction-sections -fdata-sections -fno-exceptions -fno-rtti -fno-use-cxa-atexit -Wall -femit-class-debug-always -fstack-usage -fcyclomatic-complexity -MMD -MP -MF"Application/User/generated/LanguageGb.d" -MT"Application/User/generated/LanguageGb.o" --specs=nano.specs -mfpu=fpv4-sp-d16 -mfloat-abi=hard -mthumb -o "Application/User/generated/LanguageGb.o"
arm-none-eabi-g++ "C:/TouchGFXProjects/JOYSTICK_GAME/TouchGFX/generated/gui_generated/src/levelscreen_screen/LevelScreenViewBase.cpp" -mcpu=cortex-m4 -std=gnu++14 -g3 -DUSE_HAL_DRIVER -DUSE_BPP=16 -DDEBUG -DSTM32F429xx -c -I../../Core/Inc -I../../Drivers/CMSIS/Include -I../../Drivers/BSP -I../../TouchGFX/target -I../../Drivers/CMSIS/Device/ST/STM32F4xx/Include -I../../TouchGFX/App -I../../Middlewares/Third_Party/FreeRTOS/Source/CMSIS_RTOS_V2 -I../../TouchGFX/target/generated -I../../Middlewares/Third_Party/FreeRTOS/Source/include -I../../Drivers/STM32F4xx_HAL_Driver/Inc/Legacy -I../../Middlewares/Third_Party/FreeRTOS/Source/portable/GCC/ARM_CM4F -I../../Drivers/STM32F4xx_HAL_Driver/Inc -I../../Middlewares/ST/touchgfx/framework/include -I../../TouchGFX/generated/fonts/include -I../../TouchGFX/generated/gui_generated/include -I../../TouchGFX/generated/images/include -I../../TouchGFX/generated/texts/include -I../../TouchGFX/gui/include -I../../TouchGFX/generated/videos/include -Os -ffunction-sections -fdata-sections -fno-exceptions -fno-rtti -fno-use-cxa-atexit -Wall -femit-class-debug-always -fstack-usage -fcyclomatic-complexity -MMD -MP -MF"Application/User/generated/LevelScreenViewBase.d" -MT"Application/User/generated/LevelScreenViewBase.o" --specs=nano.specs -mfpu=fpv4-sp-d16 -mfloat-abi=hard -mthumb -o "Application/User/generated/LevelScreenViewBase.o"
arm-none-eabi-g++ "C:/TouchGFXProjects/JOYSTICK_GAME/TouchGFX/generated/gui_generated/src/lostscreen_screen/LostScreenViewBase.cpp" -mcpu=cortex-m4 -std=gnu++14 -g3 -DUSE_HAL_DRIVER -DUSE_BPP=16 -DDEBUG -DSTM32F429xx -c -I../../Core/Inc -I../../Drivers/CMSIS/Include -I../../Drivers/BSP -I../../TouchGFX/target -I../../Drivers/CMSIS/Device/ST/STM32F4xx/Include -I../../TouchGFX/App -I../../Middlewares/Third_Party/FreeRTOS/Source/CMSIS_RTOS_V2 -I../../TouchGFX/target/generated -I../../Middlewares/Third_Party/FreeRTOS/Source/include -I../../Drivers/STM32F4xx_HAL_Driver/Inc/Legacy -I../../Middlewares/Third_Party/FreeRTOS/Source/portable/GCC/ARM_CM4F -I../../Drivers/STM32F4xx_HAL_Driver/Inc -I../../Middlewares/ST/touchgfx/framework/include -I../../TouchGFX/generated/fonts/include -I../../TouchGFX/generated/gui_generated/include -I../../TouchGFX/generated/images/include -I../../TouchGFX/generated/texts/include -I../../TouchGFX/gui/include -I../../TouchGFX/generated/videos/include -Os -ffunction-sections -fdata-sections -fno-exceptions -fno-rtti -fno-use-cxa-atexit -Wall -femit-class-debug-always -fstack-usage -fcyclomatic-complexity -MMD -MP -MF"Application/User/generated/LostScreenViewBase.d" -MT"Application/User/generated/LostScreenViewBase.o" --specs=nano.specs -mfpu=fpv4-sp-d16 -mfloat-abi=hard -mthumb -o "Application/User/generated/LostScreenViewBase.o"
arm-none-eabi-g++ "C:/TouchGFXProjects/JOYSTICK_GAME/TouchGFX/generated/gui_generated/src/startscreen_screen/StartScreenViewBase.cpp" -mcpu=cortex-m4 -std=gnu++14 -g3 -DUSE_HAL_DRIVER -DUSE_BPP=16 -DDEBUG -DSTM32F429xx -c -I../../Core/Inc -I../../Drivers/CMSIS/Include -I../../Drivers/BSP -I../../TouchGFX/target -I../../Drivers/CMSIS/Device/ST/STM32F4xx/Include -I../../TouchGFX/App -I../../Middlewares/Third_Party/FreeRTOS/Source/CMSIS_RTOS_V2 -I../../TouchGFX/target/generated -I../../Middlewares/Third_Party/FreeRTOS/Source/include -I../../Drivers/STM32F4xx_HAL_Driver/Inc/Legacy -I../../Middlewares/Third_Party/FreeRTOS/Source/portable/GCC/ARM_CM4F -I../../Drivers/STM32F4xx_HAL_Driver/Inc -I../../Middlewares/ST/touchgfx/framework/include -I../../TouchGFX/generated/fonts/include -I../../TouchGFX/generated/gui_generated/include -I../../TouchGFX/generated/images/include -I../../TouchGFX/generated/texts/include -I../../TouchGFX/gui/include -I../../TouchGFX/generated/videos/include -Os -ffunction-sections -fdata-sections -fno-exceptions -fno-rtti -fno-use-cxa-atexit -Wall -femit-class-debug-always -fstack-usage -fcyclomatic-complexity -MMD -MP -MF"Application/User/generated/StartScreenViewBase.d" -MT"Application/User/generated/StartScreenViewBase.o" --specs=nano.specs -mfpu=fpv4-sp-d16 -mfloat-abi=hard -mthumb -o "Application/User/generated/StartScreenViewBase.o"
arm-none-eabi-g++ "C:/TouchGFXProjects/JOYSTICK_GAME/TouchGFX/generated/fonts/src/Table_verdana_40_4bpp.cpp" -mcpu=cortex-m4 -std=gnu++14 -g3 -DUSE_HAL_DRIVER -DUSE_BPP=16 -DDEBUG -DSTM32F429xx -c -I../../Core/Inc -I../../Drivers/CMSIS/Include -I../../Drivers/BSP -I../../TouchGFX/target -I../../Drivers/CMSIS/Device/ST/STM32F4xx/Include -I../../TouchGFX/App -I../../Middlewares/Third_Party/FreeRTOS/Source/CMSIS_RTOS_V2 -I../../TouchGFX/target/generated -I../../Middlewares/Third_Party/FreeRTOS/Source/include -I../../Drivers/STM32F4xx_HAL_Driver/Inc/Legacy -I../../Middlewares/Third_Party/FreeRTOS/Source/portable/GCC/ARM_CM4F -I../../Drivers/STM32F4xx_HAL_Driver/Inc -I../../Middlewares/ST/touchgfx/framework/include -I../../TouchGFX/generated/fonts/include -I../../TouchGFX/generated/gui_generated/include -I../../TouchGFX/generated/images/include -I../../TouchGFX/generated/texts/include -I../../TouchGFX/gui/include -I../../TouchGFX/generated/videos/include -Os -ffunction-sections -fdata-sections -fno-exceptions -fno-rtti -fno-use-cxa-atexit -Wall -femit-class-debug-always -fstack-usage -fcyclomatic-complexity -MMD -MP -MF"Application/User/generated/Table_verdana_40_4bpp.d" -MT"Application/User/generated/Table_verdana_40_4bpp.o" --specs=nano.specs -mfpu=fpv4-sp-d16 -mfloat-abi=hard -mthumb -o "Application/User/generated/Table_verdana_40_4bpp.o"
arm-none-eabi-g++ "C:/TouchGFXProjects/JOYSTICK_GAME/TouchGFX/generated/texts/src/TypedTextDatabase.cpp" -mcpu=cortex-m4 -std=gnu++14 -g3 -DUSE_HAL_DRIVER -DUSE_BPP=16 -DDEBUG -DSTM32F429xx -c -I../../Core/Inc -I../../Drivers/CMSIS/Include -I../../Drivers/BSP -I../../TouchGFX/target -I../../Drivers/CMSIS/Device/ST/STM32F4xx/Include -I../../TouchGFX/App -I../../Middlewares/Third_Party/FreeRTOS/Source/CMSIS_RTOS_V2 -I../../TouchGFX/target/generated -I../../Middlewares/Third_Party/FreeRTOS/Source/include -I../../Drivers/STM32F4xx_HAL_Driver/Inc/Legacy -I../../Middlewares/Third_Party/FreeRTOS/Source/portable/GCC/ARM_CM4F -I../../Drivers/STM32F4xx_HAL_Driver/Inc -I../../Middlewares/ST/touchgfx/framework/include -I../../TouchGFX/generated/fonts/include -I../../TouchGFX/generated/gui_generated/include -I../../TouchGFX/generated/images/include -I../../TouchGFX/generated/texts/include -I../../TouchGFX/gui/include -I../../TouchGFX/generated/videos/include -Os -ffunction-sections -fdata-sections -fno-exceptions -fno-rtti -fno-use-cxa-atexit -Wall -femit-class-debug-always -fstack-usage -fcyclomatic-complexity -MMD -MP -MF"Application/User/generated/TypedTextDatabase.d" -MT"Application/User/generated/TypedTextDatabase.o" --specs=nano.specs -mfpu=fpv4-sp-d16 -mfloat-abi=hard -mthumb -o "Application/User/generated/TypedTextDatabase.o"
arm-none-eabi-g++ -o "JOYSTICK_GAME.elf" @"objects.list"  -l:libtouchgfx-float-abi-hard.a -mcpu=cortex-m4 -T"C:\TouchGFXProjects\JOYSTICK_GAME\STM32CubeIDE\STM32F429ZITX_FLASH.ld" --specs=nosys.specs -Wl,-Map="JOYSTICK_GAME.map" -Wl,--gc-sections -static -LC:/git/STM32F429-dk/untouched/rev_D/stm32f429i_disco_rev_d01/STM32F429I_DISCO_REV_D01/Middlewares/ST/touchgfx/lib/core/cortex_m4f/gcc -LC:/TouchGFXProjects/JOYSTICK_GAME/Middlewares/ST/touchgfx/lib/core/cortex_m4f/gcc --specs=nano.specs -mfpu=fpv4-sp-d16 -mfloat-abi=hard -mthumb -Wl,--start-group -lc -lm -lstdc++ -lsupc++ -Wl,--end-group
Finished building target: JOYSTICK_GAME.elf
 
arm-none-eabi-size   JOYSTICK_GAME.elf 
arm-none-eabi-objdump -h -S  JOYSTICK_GAME.elf  > "JOYSTICK_GAME.list"
arm-none-eabi-objcopy  -O ihex  JOYSTICK_GAME.elf  "JOYSTICK_GAME.hex"
   text	   data	    bss	    dec	    hex	filename
 430692	    396	 547956	 979044	  ef064	JOYSTICK_GAME.elf
Finished building: default.size.stdout
 
Finished building: JOYSTICK_GAME.hex
 
Finished building: JOYSTICK_GAME.list
 

13:13:17 Build Finished. 0 errors, 0 warnings. (took 4s.56ms)

