15:02:21 **** Incremental Build of configuration Debug for project STM32F429_JOYSTICK ****
make -j12 all 
arm-none-eabi-gcc "../Core/Src/main.c" -mcpu=cortex-m4 -std=gnu11 -g3 -DDEBUG -DUSE_HAL_DRIVER -DSTM32F429xx -c -I../Core/Inc -I../Drivers/STM32F4xx_HAL_Driver/Inc -I../Drivers/STM32F4xx_HAL_Driver/Inc/Legacy -I../Drivers/CMSIS/Device/ST/STM32F4xx/Include -I../Drivers/CMSIS/Include -O0 -ffunction-sections -fdata-sections -Wall -fstack-usage -MMD -MP -MF"Core/Src/main.d" -MT"Core/Src/main.o" --specs=nano.specs -mfpu=fpv4-sp-d16 -mfloat-abi=hard -mthumb -o "Core/Src/main.o"
arm-none-eabi-gcc "../Core/Src/stm32f4xx_hal_msp.c" -mcpu=cortex-m4 -std=gnu11 -g3 -DDEBUG -DUSE_HAL_DRIVER -DSTM32F429xx -c -I../Core/Inc -I../Drivers/STM32F4xx_HAL_Driver/Inc -I../Drivers/STM32F4xx_HAL_Driver/Inc/Legacy -I../Drivers/CMSIS/Device/ST/STM32F4xx/Include -I../Drivers/CMSIS/Include -O0 -ffunction-sections -fdata-sections -Wall -fstack-usage -MMD -MP -MF"Core/Src/stm32f4xx_hal_msp.d" -MT"Core/Src/stm32f4xx_hal_msp.o" --specs=nano.specs -mfpu=fpv4-sp-d16 -mfloat-abi=hard -mthumb -o "Core/Src/stm32f4xx_hal_msp.o"
arm-none-eabi-gcc -o "STM32F429_JOYSTICK.elf" @"objects.list"   -mcpu=cortex-m4 -T"C:\Programlarim\Embedded C\My_workspace\target\STM32F429_JOYSTICK\STM32F429ZITX_FLASH.ld" --specs=nosys.specs -Wl,-Map="STM32F429_JOYSTICK.map" -Wl,--gc-sections -static --specs=nano.specs -mfpu=fpv4-sp-d16 -mfloat-abi=hard -mthumb -Wl,--start-group -lc -lm -Wl,--end-group
Finished building target: STM32F429_JOYSTICK.elf
 
arm-none-eabi-size   STM32F429_JOYSTICK.elf 
arm-none-eabi-objdump -h -S  STM32F429_JOYSTICK.elf  > "STM32F429_JOYSTICK.list"
   text	   data	    bss	    dec	    hex	filename
  10952	     20	   1756	  12728	   31b8	STM32F429_JOYSTICK.elf
Finished building: default.size.stdout
 
Finished building: STM32F429_JOYSTICK.list
 

15:02:22 Build Finished. 0 errors, 0 warnings. (took 1s.405ms)

